==19184== Memcheck, a memory error detector
==19184== Copyright (C) 2002-2012, and GNU GPL'd, by Julian Seward et al.
==19184== Using Valgrind-3.8.1 and LibVEX; rerun with -h for copyright info
==19184== Command: ./tests/fixed_tests.test
==19184== 
==19184== 
==19184== HEAP SUMMARY:
==19184==     in use at exit: 0 bytes in 0 blocks
==19184==   total heap usage: 0 allocs, 0 frees, 0 bytes allocated
==19184== 
==19184== All heap blocks were freed -- no leaks are possible
==19184== 
==19184== For counts of detected and suppressed errors, rerun with: -v
==19184== ERROR SUMMARY: 0 errors from 0 contexts (suppressed: 2 from 2)
==19219== Memcheck, a memory error detector
==19219== Copyright (C) 2002-2012, and GNU GPL'd, by Julian Seward et al.
==19219== Using Valgrind-3.8.1 and LibVEX; rerun with -h for copyright info
==19219== Command: ./tests/fixed_tests.test
==19219== 
==19219== 
==19219== HEAP SUMMARY:
==19219==     in use at exit: 0 bytes in 0 blocks
==19219==   total heap usage: 0 allocs, 0 frees, 0 bytes allocated
==19219== 
==19219== All heap blocks were freed -- no leaks are possible
==19219== 
==19219== For counts of detected and suppressed errors, rerun with: -v
==19219== ERROR SUMMARY: 0 errors from 0 contexts (suppressed: 2 from 2)
==19254== Memcheck, a memory error detector
==19254== Copyright (C) 2002-2012, and GNU GPL'd, by Julian Seward et al.
==19254== Using Valgrind-3.8.1 and LibVEX; rerun with -h for copyright info
==19254== Command: ./tests/fixed_tests.test
==19254== 
==19254== 
==19254== HEAP SUMMARY:
==19254==     in use at exit: 0 bytes in 0 blocks
==19254==   total heap usage: 0 allocs, 0 frees, 0 bytes allocated
==19254== 
==19254== All heap blocks were freed -- no leaks are possible
==19254== 
==19254== For counts of detected and suppressed errors, rerun with: -v
==19254== ERROR SUMMARY: 0 errors from 0 contexts (suppressed: 2 from 2)
==19282== Memcheck, a memory error detector
==19282== Copyright (C) 2002-2012, and GNU GPL'd, by Julian Seward et al.
==19282== Using Valgrind-3.8.1 and LibVEX; rerun with -h for copyright info
==19282== Command: ./tests/fixed_tests.test
==19282== 
==19282== 
==19282== HEAP SUMMARY:
==19282==     in use at exit: 0 bytes in 0 blocks
==19282==   total heap usage: 0 allocs, 0 frees, 0 bytes allocated
==19282== 
==19282== All heap blocks were freed -- no leaks are possible
==19282== 
==19282== For counts of detected and suppressed errors, rerun with: -v
==19282== ERROR SUMMARY: 0 errors from 0 contexts (suppressed: 2 from 2)
==19311== Memcheck, a memory error detector
==19311== Copyright (C) 2002-2012, and GNU GPL'd, by Julian Seward et al.
==19311== Using Valgrind-3.8.1 and LibVEX; rerun with -h for copyright info
==19311== Command: ./tests/fixed_tests.test
==19311== 
==19311== 
==19311== HEAP SUMMARY:
==19311==     in use at exit: 0 bytes in 0 blocks
==19311==   total heap usage: 0 allocs, 0 frees, 0 bytes allocated
==19311== 
==19311== All heap blocks were freed -- no leaks are possible
==19311== 
==19311== For counts of detected and suppressed errors, rerun with: -v
==19311== ERROR SUMMARY: 0 errors from 0 contexts (suppressed: 2 from 2)
Excess command line arguments ignored. (tcp:127.0.0.1:55555 ...)
target: No such file or directory.
/home/kieran/Desktop/gba_project/split-earth/build/remote: No such file or directory.
You can't do that when your target is `None'
No executable file specified.
Use the "file" or "exec-file" command.
VisualBoyAdvance version 1.8.0 [SDL]
Searching for file VisualBoyAdvance.cfg
Searching current directory: /home/kieran/Desktop/gba_project/split-earth/build
Searching home directory: /home/kieran/.vba
Searching system config directory: /etc
Reading configuration file.
Listening for a connection at port 55555
Excess command line arguments ignored. (tcp:127.0.0.1:55555 ...)
target: No such file or directory.
/home/kieran/Desktop/gba_project/split-earth/build/remote: No such file or directory.
VisualBoyAdvance version 1.8.0 [SDL]
Searching for file VisualBoyAdvance.cfg
Searching current directory: /home/kieran/Desktop/gba_project/split-earth/build
Searching home directory: /home/kieran/.vba
Searching system config directory: /etc
Reading configuration file.
Listening for a connection at port 55555
VisualBoyAdvance version 1.8.0 [SDL]
Searching for file VisualBoyAdvance.cfg
Searching current directory: /home/kieran/Desktop/gba_project/split-earth/build
Searching home directory: /home/kieran/.vba
Searching system config directory: /etc
Reading configuration file.
Error opening image ../../tests/fixed_tests.elf
Failed to load file ../../tests/fixed_tests.elf
VisualBoyAdvance version 1.8.0 [SDL]
Searching for file VisualBoyAdvance.cfg
Searching current directory: /home/kieran/Desktop/gba_project/split-earth/build
Searching home directory: /home/kieran/.vba
Searching system config directory: /etc
Reading configuration file.
Error opening image ../../tests/fixed_tests.elf
Failed to load file ../../tests/fixed_tests.elf
VisualBoyAdvance version 1.8.0 [SDL]
Searching for file VisualBoyAdvance.cfg
Searching current directory: /home/kieran/Desktop/gba_project/split-earth/build
Searching home directory: /home/kieran/.vba
Searching system config directory: /etc
Reading configuration file.
Parsing debug info
Unsupported debugging information version 4
Segmentation fault
VisualBoyAdvance version 1.8.0 [SDL]
Searching for file VisualBoyAdvance.cfg
Searching current directory: /home/kieran/Desktop/gba_project/split-earth/build
Searching home directory: /home/kieran/.vba
Searching system config directory: /etc
Reading configuration file.
Searching for file vba-over.ini
Searching current directory: /home/kieran/Desktop/gba_project/split-earth/build
Searching home directory: /home/kieran/.vba
Searching system config directory: /etc
Searching PATH
vba-over.ini NOT FOUND (using emulator settings)
Color depth: 32
Shutting down
VisualBoyAdvance version 1.8.0 [SDL]
Searching for file VisualBoyAdvance.cfg
Searching current directory: /home/kieran/Desktop/gba_project/split-earth/build
Searching home directory: /home/kieran/.vba
Searching system config directory: /etc
Reading configuration file.
Searching for file vba-over.ini
Searching current directory: /home/kieran/Desktop/gba_project/split-earth/build
Searching home directory: /home/kieran/.vba
Searching system config directory: /etc
Searching PATH
vba-over.ini NOT FOUND (using emulator settings)
Color depth: 32
Shutting down
VisualBoyAdvance version 1.8.0 [SDL]
Searching for file VisualBoyAdvance.cfg
Searching current directory: /home/kieran/Desktop/gba_project/split-earth/build
Searching home directory: /home/kieran/.vba
Searching system config directory: /etc
Reading configuration file.
Searching for file vba-over.ini
Searching current directory: /home/kieran/Desktop/gba_project/split-earth/build
Searching home directory: /home/kieran/.vba
Searching system config directory: /etc
Searching PATH
vba-over.ini NOT FOUND (using emulator settings)
Color depth: 32
Shutting down
VisualBoyAdvance version 1.8.0 [SDL]
Searching for file VisualBoyAdvance.cfg
Searching current directory: /home/kieran/Desktop/gba_project/split-earth/build
Searching home directory: /home/kieran/.vba
Searching system config directory: /etc
Reading configuration file.
Searching for file vba-over.ini
Searching current directory: /home/kieran/Desktop/gba_project/split-earth/build
Searching home directory: /home/kieran/.vba
Searching system config directory: /etc
Searching PATH
vba-over.ini NOT FOUND (using emulator settings)
Color depth: 32
Shutting down
VisualBoyAdvance version 1.8.0 [SDL]
Searching for file VisualBoyAdvance.cfg
Searching current directory: /home/kieran/Desktop/gba_project/split-earth/build
Searching home directory: /home/kieran/.vba
Searching system config directory: /etc
Reading configuration file.
Searching for file vba-over.ini
Searching current directory: /home/kieran/Desktop/gba_project/split-earth/build
Searching home directory: /home/kieran/.vba
Searching system config directory: /etc
Searching PATH
vba-over.ini NOT FOUND (using emulator settings)
Color depth: 32
Shutting down
VisualBoyAdvance version 1.8.0 [SDL]
Searching for file VisualBoyAdvance.cfg
Searching current directory: /home/kieran/Desktop/gba_project/split-earth/build
Searching home directory: /home/kieran/.vba
Searching system config directory: /etc
Reading configuration file.
Searching for file vba-over.ini
Searching current directory: /home/kieran/Desktop/gba_project/split-earth/build
Searching home directory: /home/kieran/.vba
Searching system config directory: /etc
Searching PATH
vba-over.ini NOT FOUND (using emulator settings)
Color depth: 32
Shutting down
VisualBoyAdvance version 1.8.0 [SDL]
Searching for file VisualBoyAdvance.cfg
Searching current directory: /home/kieran/Desktop/gba_project/split-earth/build
Searching home directory: /home/kieran/.vba
Searching system config directory: /etc
Reading configuration file.
Searching for file vba-over.ini
Searching current directory: /home/kieran/Desktop/gba_project/split-earth/build
Searching home directory: /home/kieran/.vba
Searching system config directory: /etc
Searching PATH
vba-over.ini NOT FOUND (using emulator settings)
Color depth: 32
Shutting down
VisualBoyAdvance version 1.8.0 [SDL]
Searching for file VisualBoyAdvance.cfg
Searching current directory: /home/kieran/Desktop/gba_project/split-earth/build
Searching home directory: /home/kieran/.vba
Searching system config directory: /etc
Reading configuration file.
Searching for file vba-over.ini
Searching current directory: /home/kieran/Desktop/gba_project/split-earth/build
Searching home directory: /home/kieran/.vba
Searching system config directory: /etc
Searching PATH
vba-over.ini NOT FOUND (using emulator settings)
Color depth: 32
Shutting down
VisualBoyAdvance version 1.8.0 [SDL]
Searching for file VisualBoyAdvance.cfg
Searching current directory: /home/kieran/Desktop/gba_project/split-earth/build
Searching home directory: /home/kieran/.vba
Searching system config directory: /etc
Reading configuration file.
Searching for file vba-over.ini
Searching current directory: /home/kieran/Desktop/gba_project/split-earth/build
Searching home directory: /home/kieran/.vba
Searching system config directory: /etc
Searching PATH
vba-over.ini NOT FOUND (using emulator settings)
Color depth: 32
Shutting down
VisualBoyAdvance version 1.8.0 [SDL]
Searching for file VisualBoyAdvance.cfg
Searching current directory: /home/kieran/Desktop/gba_project/split-earth/build
Searching home directory: /home/kieran/.vba
Searching system config directory: /etc
Reading configuration file.
Searching for file vba-over.ini
Searching current directory: /home/kieran/Desktop/gba_project/split-earth/build
Searching home directory: /home/kieran/.vba
Searching system config directory: /etc
Searching PATH
vba-over.ini NOT FOUND (using emulator settings)
Color depth: 32
Shutting down
VisualBoyAdvance version 1.8.0 [SDL]
Searching for file VisualBoyAdvance.cfg
Searching current directory: /home/kieran/Desktop/gba_project/split-earth/build
Searching home directory: /home/kieran/.vba
Searching system config directory: /etc
Reading configuration file.
Searching for file vba-over.ini
Searching current directory: /home/kieran/Desktop/gba_project/split-earth/build
Searching home directory: /home/kieran/.vba
Searching system config directory: /etc
Searching PATH
vba-over.ini NOT FOUND (using emulator settings)
Color depth: 32
Shutting down
VisualBoyAdvance version 1.8.0 [SDL]
Searching for file VisualBoyAdvance.cfg
Searching current directory: /home/kieran/Desktop/gba_project/split-earth/build
Searching home directory: /home/kieran/.vba
Searching system config directory: /etc
Reading configuration file.
Searching for file vba-over.ini
Searching current directory: /home/kieran/Desktop/gba_project/split-earth/build
Searching home directory: /home/kieran/.vba
Searching system config directory: /etc
Searching PATH
vba-over.ini NOT FOUND (using emulator settings)
Color depth: 32
Shutting down
VisualBoyAdvance version 1.8.0 [SDL]
Searching for file VisualBoyAdvance.cfg
Searching current directory: /home/kieran/Desktop/gba_project/split-earth/build
Searching home directory: /home/kieran/.vba
Searching system config directory: /etc
Reading configuration file.
Searching for file vba-over.ini
Searching current directory: /home/kieran/Desktop/gba_project/split-earth/build
Searching home directory: /home/kieran/.vba
Searching system config directory: /etc
Searching PATH
vba-over.ini NOT FOUND (using emulator settings)
Color depth: 32
Shutting down
VisualBoyAdvance version 1.8.0 [SDL]
Searching for file VisualBoyAdvance.cfg
Searching current directory: /home/kieran/Desktop/gba_project/split-earth/build
Searching home directory: /home/kieran/.vba
Searching system config directory: /etc
Reading configuration file.
Failed to load file ./../tests/fixed_tests.elf
VisualBoyAdvance version 1.8.0 [SDL]
Searching for file VisualBoyAdvance.cfg
Searching current directory: /home/kieran/Desktop/gba_project/split-earth/build
Searching home directory: /home/kieran/.vba
Searching system config directory: /etc
Reading configuration file.
Failed to load file ../tests/fixed_tests.elf
VisualBoyAdvance version 1.8.0 [SDL]
Searching for file VisualBoyAdvance.cfg
Searching current directory: /home/kieran/Desktop/gba_project/split-earth/build
Searching home directory: /home/kieran/.vba
Searching system config directory: /etc
Reading configuration file.
Parsing debug info
Unsupported debugging information version 4
Segmentation fault
VisualBoyAdvance version 1.8.0 [SDL]
Searching for file VisualBoyAdvance.cfg
Searching current directory: /home/kieran/Desktop/gba_project/split-earth/build
Searching home directory: /home/kieran/.vba
Searching system config directory: /etc
Reading configuration file.
Failed to load file ./../tests/fixed_tests.elf
VisualBoyAdvance version 1.8.0 [SDL]
Searching for file VisualBoyAdvance.cfg
Searching current directory: /home/kieran/Desktop/gba_project/split-earth/build
Searching home directory: /home/kieran/.vba
Searching system config directory: /etc
Reading configuration file.
Failed to load file ./../tests/fixed_tests.elf
VisualBoyAdvance version 1.8.0 [SDL]
Searching for file VisualBoyAdvance.cfg
Searching current directory: /home/kieran/Desktop/gba_project/split-earth/build
Searching home directory: /home/kieran/.vba
Searching system config directory: /etc
Reading configuration file.
Failed to load file ./../tests/fixed_tests.elf
VisualBoyAdvance version 1.8.0 [SDL]
Searching for file VisualBoyAdvance.cfg
Searching current directory: /home/kieran/Desktop/gba_project/split-earth/build
Searching home directory: /home/kieran/.vba
Searching system config directory: /etc
Reading configuration file.
Failed to load file ./../tests/fixed_tests.elf
VisualBoyAdvance version 1.8.0 [SDL]
Searching for file VisualBoyAdvance.cfg
Searching current directory: /home/kieran/Desktop/gba_project/split-earth/build
Searching home directory: /home/kieran/.vba
Searching system config directory: /etc
Reading configuration file.
Failed to load file ./../tests/fixed_tests.elf
VisualBoyAdvance version 1.8.0 [SDL]
Searching for file VisualBoyAdvance.cfg
Searching current directory: /home/kieran/Desktop/gba_project/split-earth/build
Searching home directory: /home/kieran/.vba
Searching system config directory: /etc
Reading configuration file.
Unknown file type ./../tests/fixed_tests
VisualBoyAdvance version 1.8.0 [SDL]
Searching for file VisualBoyAdvance.cfg
Searching current directory: /home/kieran/Desktop/gba_project/split-earth/build
Searching home directory: /home/kieran/.vba
Searching system config directory: /etc
Reading configuration file.
Unknown file type ./../tests/fixed_tests
VisualBoyAdvance version 1.8.0 [SDL]
Searching for file VisualBoyAdvance.cfg
Searching current directory: /home/kieran/Desktop/gba_project/split-earth/build
Searching home directory: /home/kieran/.vba
Searching system config directory: /etc
Reading configuration file.
Searching for file vba-over.ini
Searching current directory: /home/kieran/Desktop/gba_project/split-earth/build
Searching home directory: /home/kieran/.vba
Searching system config directory: /etc
Searching PATH
vba-over.ini NOT FOUND (using emulator settings)
Color depth: 32
Shutting down
VisualBoyAdvance version 1.8.0 [SDL]
Searching for file VisualBoyAdvance.cfg
Searching current directory: /home/kieran/Desktop/gba_project/split-earth/build
Searching home directory: /home/kieran/.vba
Searching system config directory: /etc
Reading configuration file.
Searching for file vba-over.ini
Searching current directory: /home/kieran/Desktop/gba_project/split-earth/build
Searching home directory: /home/kieran/.vba
Searching system config directory: /etc
Searching PATH
vba-over.ini NOT FOUND (using emulator settings)
Color depth: 32
Shutting down
VisualBoyAdvance version 1.8.0 [SDL]
Searching for file VisualBoyAdvance.cfg
Searching current directory: /home/kieran/Desktop/gba_project/split-earth/build
Searching home directory: /home/kieran/.vba
Searching system config directory: /etc
Reading configuration file.
Failed to load file ./../tests/fixed_tests.elf
VisualBoyAdvance version 1.8.0 [SDL]
Searching for file VisualBoyAdvance.cfg
Searching current directory: /home/kieran/Desktop/gba_project/split-earth/build
Searching home directory: /home/kieran/.vba
Searching system config directory: /etc
Reading configuration file.
Searching for file vba-over.ini
Searching current directory: /home/kieran/Desktop/gba_project/split-earth/build
Searching home directory: /home/kieran/.vba
Searching system config directory: /etc
Searching PATH
vba-over.ini NOT FOUND (using emulator settings)
Color depth: 32
Shutting down
VisualBoyAdvance version 1.8.0 [SDL]
Searching for file VisualBoyAdvance.cfg
Searching current directory: /home/kieran/Desktop/gba_project/split-earth/build
Searching home directory: /home/kieran/.vba
Searching system config directory: /etc
Reading configuration file.
Searching for file vba-over.ini
Searching current directory: /home/kieran/Desktop/gba_project/split-earth/build
Searching home directory: /home/kieran/.vba
Searching system config directory: /etc
Searching PATH
vba-over.ini NOT FOUND (using emulator settings)
Color depth: 32
Shutting down
VisualBoyAdvance version 1.8.0 [SDL]
Searching for file VisualBoyAdvance.cfg
Searching current directory: /home/kieran/Desktop/gba_project/split-earth/build
Searching home directory: /home/kieran/.vba
Searching system config directory: /etc
Reading configuration file.
Searching for file vba-over.ini
Searching current directory: /home/kieran/Desktop/gba_project/split-earth/build
Searching home directory: /home/kieran/.vba
Searching system config directory: /etc
Searching PATH
vba-over.ini NOT FOUND (using emulator settings)
Color depth: 32
Shutting down
VisualBoyAdvance version 1.8.0 [SDL]
Searching for file VisualBoyAdvance.cfg
Searching current directory: /home/kieran/Desktop/gba_project/split-earth/build
Searching home directory: /home/kieran/.vba
Searching system config directory: /etc
Reading configuration file.
Searching for file vba-over.ini
Searching current directory: /home/kieran/Desktop/gba_project/split-earth/build
Searching home directory: /home/kieran/.vba
Searching system config directory: /etc
Searching PATH
vba-over.ini NOT FOUND (using emulator settings)
Color depth: 32
Shutting down
VisualBoyAdvance version 1.8.0 [SDL]
Searching for file VisualBoyAdvance.cfg
Searching current directory: /home/kieran/Desktop/gba_project/split-earth/build
Searching home directory: /home/kieran/.vba
Searching system config directory: /etc
Reading configuration file.
Searching for file vba-over.ini
Searching current directory: /home/kieran/Desktop/gba_project/split-earth/build
Searching home directory: /home/kieran/.vba
Searching system config directory: /etc
Searching PATH
vba-over.ini NOT FOUND (using emulator settings)
Color depth: 32
Shutting down
VisualBoyAdvance version 1.8.0 [SDL]
Searching for file VisualBoyAdvance.cfg
Searching current directory: /home/kieran/Desktop/gba_project/split-earth/build
Searching home directory: /home/kieran/.vba
Searching system config directory: /etc
Reading configuration file.
Searching for file vba-over.ini
Searching current directory: /home/kieran/Desktop/gba_project/split-earth/build
Searching home directory: /home/kieran/.vba
Searching system config directory: /etc
Searching PATH
vba-over.ini NOT FOUND (using emulator settings)
Color depth: 32
Shutting down
VisualBoyAdvance version 1.8.0 [SDL]
Searching for file VisualBoyAdvance.cfg
Searching current directory: /home/kieran/Desktop/gba_project/split-earth/build
Searching home directory: /home/kieran/.vba
Searching system config directory: /etc
Reading configuration file.
Searching for file vba-over.ini
Searching current directory: /home/kieran/Desktop/gba_project/split-earth/build
Searching home directory: /home/kieran/.vba
Searching system config directory: /etc
Searching PATH
vba-over.ini NOT FOUND (using emulator settings)
Color depth: 32
Shutting down
VisualBoyAdvance version 1.8.0 [SDL]
Searching for file VisualBoyAdvance.cfg
Searching current directory: /home/kieran/Desktop/gba_project/split-earth/build
Searching home directory: /home/kieran/.vba
Searching system config directory: /etc
Reading configuration file.
Searching for file vba-over.ini
Searching current directory: /home/kieran/Desktop/gba_project/split-earth/build
Searching home directory: /home/kieran/.vba
Searching system config directory: /etc
Searching PATH
vba-over.ini NOT FOUND (using emulator settings)
Color depth: 32
Shutting down
VisualBoyAdvance version 1.8.0 [SDL]
Searching for file VisualBoyAdvance.cfg
Searching current directory: /home/kieran/Desktop/gba_project/split-earth/build
Searching home directory: /home/kieran/.vba
Searching system config directory: /etc
Reading configuration file.
Searching for file vba-over.ini
Searching current directory: /home/kieran/Desktop/gba_project/split-earth/build
Searching home directory: /home/kieran/.vba
Searching system config directory: /etc
Searching PATH
vba-over.ini NOT FOUND (using emulator settings)
Color depth: 32
Shutting down
VisualBoyAdvance version 1.8.0 [SDL]
Searching for file VisualBoyAdvance.cfg
Searching current directory: /home/kieran/Desktop/gba_project/split-earth/build
Searching home directory: /home/kieran/.vba
Searching system config directory: /etc
Reading configuration file.
Parsing debug info
Unsupported debugging information version 4
Segmentation fault
VisualBoyAdvance version 1.8.0 [SDL]
Searching for file VisualBoyAdvance.cfg
Searching current directory: /home/kieran/Desktop/gba_project/split-earth/build
Searching home directory: /home/kieran/.vba
Searching system config directory: /etc
Reading configuration file.
Failed to load file ./../tests/fixed_tests.elf
VisualBoyAdvance version 1.8.0 [SDL]
Searching for file VisualBoyAdvance.cfg
Searching current directory: /home/kieran/Desktop/gba_project/split-earth/build
Searching home directory: /home/kieran/.vba
Searching system config directory: /etc
Reading configuration file.
Failed to load file ./../tests/fixed_tests.elf
VisualBoyAdvance version 1.8.0 [SDL]
Searching for file VisualBoyAdvance.cfg
Searching current directory: /home/kieran/Desktop/gba_project/split-earth/build
Searching home directory: /home/kieran/.vba
Searching system config directory: /etc
Reading configuration file.
Searching for file vba-over.ini
Searching current directory: /home/kieran/Desktop/gba_project/split-earth/build
Searching home directory: /home/kieran/.vba
Searching system config directory: /etc
Searching PATH
vba-over.ini NOT FOUND (using emulator settings)
Color depth: 32
Shutting down
VisualBoyAdvance version 1.8.0 [SDL]
Searching for file VisualBoyAdvance.cfg
Searching current directory: /home/kieran/Desktop/gba_project/split-earth/build
Searching home directory: /home/kieran/.vba
Searching system config directory: /etc
Reading configuration file.
Searching for file vba-over.ini
Searching current directory: /home/kieran/Desktop/gba_project/split-earth/build
Searching home directory: /home/kieran/.vba
Searching system config directory: /etc
Searching PATH
vba-over.ini NOT FOUND (using emulator settings)
Color depth: 32
Shutting down
VisualBoyAdvance version 1.8.0 [SDL]
Searching for file VisualBoyAdvance.cfg
Searching current directory: /home/kieran/Desktop/gba_project/split-earth/build
Searching home directory: /home/kieran/.vba
Searching system config directory: /etc
Reading configuration file.
Searching for file vba-over.ini
Searching current directory: /home/kieran/Desktop/gba_project/split-earth/build
Searching home directory: /home/kieran/.vba
Searching system config directory: /etc
Searching PATH
vba-over.ini NOT FOUND (using emulator settings)
Color depth: 32
Shutting down
VisualBoyAdvance version 1.8.0 [SDL]
Searching for file VisualBoyAdvance.cfg
Searching current directory: /home/kieran/Desktop/gba_project/split-earth/build
Searching home directory: /home/kieran/.vba
Searching system config directory: /etc
Reading configuration file.
Searching for file vba-over.ini
Searching current directory: /home/kieran/Desktop/gba_project/split-earth/build
Searching home directory: /home/kieran/.vba
Searching system config directory: /etc
Searching PATH
vba-over.ini NOT FOUND (using emulator settings)
Color depth: 32
Shutting down
VisualBoyAdvance version 1.8.0 [SDL]
Searching for file VisualBoyAdvance.cfg
Searching current directory: /home/kieran/Desktop/gba_project/split-earth/build
Searching home directory: /home/kieran/.vba
Searching system config directory: /etc
Reading configuration file.
Searching for file vba-over.ini
Searching current directory: /home/kieran/Desktop/gba_project/split-earth/build
Searching home directory: /home/kieran/.vba
Searching system config directory: /etc
Searching PATH
vba-over.ini NOT FOUND (using emulator settings)
Color depth: 32
Shutting down
VisualBoyAdvance version 1.8.0 [SDL]
Searching for file VisualBoyAdvance.cfg
Searching current directory: /home/kieran/Desktop/gba_project/split-earth/build
Searching home directory: /home/kieran/.vba
Searching system config directory: /etc
Reading configuration file.
Searching for file vba-over.ini
Searching current directory: /home/kieran/Desktop/gba_project/split-earth/build
Searching home directory: /home/kieran/.vba
Searching system config directory: /etc
Searching PATH
vba-over.ini NOT FOUND (using emulator settings)
Color depth: 32
Shutting down
VisualBoyAdvance version 1.8.0 [SDL]
Searching for file VisualBoyAdvance.cfg
Searching current directory: /home/kieran/Desktop/gba_project/split-earth/build
Searching home directory: /home/kieran/.vba
Searching system config directory: /etc
Reading configuration file.
Searching for file vba-over.ini
Searching current directory: /home/kieran/Desktop/gba_project/split-earth/build
Searching home directory: /home/kieran/.vba
Searching system config directory: /etc
Searching PATH
vba-over.ini NOT FOUND (using emulator settings)
Color depth: 32
Shutting down
VisualBoyAdvance version 1.8.0 [SDL]
Searching for file VisualBoyAdvance.cfg
Searching current directory: /home/kieran/Desktop/gba_project/split-earth/build
Searching home directory: /home/kieran/.vba
Searching system config directory: /etc
Reading configuration file.
Searching for file vba-over.ini
Searching current directory: /home/kieran/Desktop/gba_project/split-earth/build
Searching home directory: /home/kieran/.vba
Searching system config directory: /etc
Searching PATH
vba-over.ini NOT FOUND (using emulator settings)
Color depth: 32
Shutting down
VisualBoyAdvance version 1.8.0 [SDL]
Searching for file VisualBoyAdvance.cfg
Searching current directory: /home/kieran/Desktop/gba_project/split-earth/build
Searching home directory: /home/kieran/.vba
Searching system config directory: /etc
Reading configuration file.
Searching for file vba-over.ini
Searching current directory: /home/kieran/Desktop/gba_project/split-earth/build
Searching home directory: /home/kieran/.vba
Searching system config directory: /etc
Searching PATH
vba-over.ini NOT FOUND (using emulator settings)
Color depth: 32
Shutting down
VisualBoyAdvance version 1.8.0 [SDL]
Searching for file VisualBoyAdvance.cfg
Searching current directory: /home/kieran/Desktop/gba_project/split-earth/build
Searching home directory: /home/kieran/.vba
Searching system config directory: /etc
Reading configuration file.
Searching for file vba-over.ini
Searching current directory: /home/kieran/Desktop/gba_project/split-earth/build
Searching home directory: /home/kieran/.vba
Searching system config directory: /etc
Searching PATH
vba-over.ini NOT FOUND (using emulator settings)
Color depth: 32
Shutting down
VisualBoyAdvance version 1.8.0 [SDL]
Searching for file VisualBoyAdvance.cfg
Searching current directory: /home/kieran/Desktop/gba_project/split-earth/build
Searching home directory: /home/kieran/.vba
Searching system config directory: /etc
Reading configuration file.
Searching for file vba-over.ini
Searching current directory: /home/kieran/Desktop/gba_project/split-earth/build
Searching home directory: /home/kieran/.vba
Searching system config directory: /etc
Searching PATH
vba-over.ini NOT FOUND (using emulator settings)
Color depth: 32
Shutting down
VisualBoyAdvance version 1.8.0 [SDL]
Searching for file VisualBoyAdvance.cfg
Searching current directory: /home/kieran/Desktop/gba_project/split-earth/build
Searching home directory: /home/kieran/.vba
Searching system config directory: /etc
Reading configuration file.
Searching for file vba-over.ini
Searching current directory: /home/kieran/Desktop/gba_project/split-earth/build
Searching home directory: /home/kieran/.vba
Searching system config directory: /etc
Searching PATH
vba-over.ini NOT FOUND (using emulator settings)
Color depth: 32
Shutting down
VisualBoyAdvance version 1.8.0 [SDL]
Searching for file VisualBoyAdvance.cfg
Searching current directory: /home/kieran/Desktop/gba_project/split-earth/build
Searching home directory: /home/kieran/.vba
Searching system config directory: /etc
Reading configuration file.
Searching for file vba-over.ini
Searching current directory: /home/kieran/Desktop/gba_project/split-earth/build
Searching home directory: /home/kieran/.vba
Searching system config directory: /etc
Searching PATH
vba-over.ini NOT FOUND (using emulator settings)
Color depth: 32
Shutting down
VisualBoyAdvance version 1.8.0 [SDL]
Searching for file VisualBoyAdvance.cfg
Searching current directory: /home/kieran/Desktop/gba_project/split-earth/build
Searching home directory: /home/kieran/.vba
Searching system config directory: /etc
Reading configuration file.
Searching for file vba-over.ini
Searching current directory: /home/kieran/Desktop/gba_project/split-earth/build
Searching home directory: /home/kieran/.vba
Searching system config directory: /etc
Searching PATH
vba-over.ini NOT FOUND (using emulator settings)
Color depth: 32
Shutting down
VisualBoyAdvance version 1.8.0 [SDL]
Searching for file VisualBoyAdvance.cfg
Searching current directory: /home/kieran/Desktop/gba_project/split-earth/build
Searching home directory: /home/kieran/.vba
Searching system config directory: /etc
Reading configuration file.
Searching for file vba-over.ini
Searching current directory: /home/kieran/Desktop/gba_project/split-earth/build
Searching home directory: /home/kieran/.vba
Searching system config directory: /etc
Searching PATH
vba-over.ini NOT FOUND (using emulator settings)
Color depth: 32
Shutting down
VisualBoyAdvance version 1.8.0 [SDL]
Searching for file VisualBoyAdvance.cfg
Searching current directory: /home/kieran/Desktop/gba_project/split-earth/build
Searching home directory: /home/kieran/.vba
Searching system config directory: /etc
Reading configuration file.
Searching for file vba-over.ini
Searching current directory: /home/kieran/Desktop/gba_project/split-earth/build
Searching home directory: /home/kieran/.vba
Searching system config directory: /etc
Searching PATH
vba-over.ini NOT FOUND (using emulator settings)
Color depth: 32
Shutting down
VisualBoyAdvance version 1.8.0 [SDL]
Searching for file VisualBoyAdvance.cfg
Searching current directory: /home/kieran/Desktop/gba_project/split-earth/build
Searching home directory: /home/kieran/.vba
Searching system config directory: /etc
Reading configuration file.
Searching for file vba-over.ini
Searching current directory: /home/kieran/Desktop/gba_project/split-earth/build
Searching home directory: /home/kieran/.vba
Searching system config directory: /etc
Searching PATH
vba-over.ini NOT FOUND (using emulator settings)
Color depth: 32
Shutting down
VisualBoyAdvance version 1.8.0 [SDL]
Searching for file VisualBoyAdvance.cfg
Searching current directory: /home/kieran/Desktop/gba_project/split-earth/build
Searching home directory: /home/kieran/.vba
Searching system config directory: /etc
Reading configuration file.
Searching for file vba-over.ini
Searching current directory: /home/kieran/Desktop/gba_project/split-earth/build
Searching home directory: /home/kieran/.vba
Searching system config directory: /etc
Searching PATH
vba-over.ini NOT FOUND (using emulator settings)
Color depth: 32
Shutting down
VisualBoyAdvance version 1.8.0 [SDL]
Searching for file VisualBoyAdvance.cfg
Searching current directory: /home/kieran/Desktop/gba_project/split-earth/build
Searching home directory: /home/kieran/.vba
Searching system config directory: /etc
Reading configuration file.
Searching for file vba-over.ini
Searching current directory: /home/kieran/Desktop/gba_project/split-earth/build
Searching home directory: /home/kieran/.vba
Searching system config directory: /etc
Searching PATH
vba-over.ini NOT FOUND (using emulator settings)
Color depth: 32
Shutting down
VisualBoyAdvance version 1.8.0 [SDL]
Searching for file VisualBoyAdvance.cfg
Searching current directory: /home/kieran/Desktop/gba_project/split-earth/build
Searching home directory: /home/kieran/.vba
Searching system config directory: /etc
Reading configuration file.
Searching for file vba-over.ini
Searching current directory: /home/kieran/Desktop/gba_project/split-earth/build
Searching home directory: /home/kieran/.vba
Searching system config directory: /etc
Searching PATH
vba-over.ini NOT FOUND (using emulator settings)
Color depth: 32
Shutting down
VisualBoyAdvance version 1.8.0 [SDL]
Searching for file VisualBoyAdvance.cfg
Searching current directory: /home/kieran/Desktop/gba_project/split-earth/build
Searching home directory: /home/kieran/.vba
Searching system config directory: /etc
Reading configuration file.
Searching for file vba-over.ini
Searching current directory: /home/kieran/Desktop/gba_project/split-earth/build
Searching home directory: /home/kieran/.vba
Searching system config directory: /etc
Searching PATH
vba-over.ini NOT FOUND (using emulator settings)
Color depth: 32
Shutting down
VisualBoyAdvance version 1.8.0 [SDL]
Searching for file VisualBoyAdvance.cfg
Searching current directory: /home/kieran/Desktop/gba_project/split-earth/build
Searching home directory: /home/kieran/.vba
Searching system config directory: /etc
Reading configuration file.
Searching for file vba-over.ini
Searching current directory: /home/kieran/Desktop/gba_project/split-earth/build
Searching home directory: /home/kieran/.vba
Searching system config directory: /etc
Searching PATH
vba-over.ini NOT FOUND (using emulator settings)
Color depth: 32
Shutting down
VisualBoyAdvance version 1.8.0 [SDL]
Searching for file VisualBoyAdvance.cfg
Searching current directory: /home/kieran/Desktop/gba_project/split-earth/build
Searching home directory: /home/kieran/.vba
Searching system config directory: /etc
Reading configuration file.
Searching for file vba-over.ini
Searching current directory: /home/kieran/Desktop/gba_project/split-earth/build
Searching home directory: /home/kieran/.vba
Searching system config directory: /etc
Searching PATH
vba-over.ini NOT FOUND (using emulator settings)
Color depth: 32
Shutting down
VisualBoyAdvance version 1.8.0 [SDL]
Searching for file VisualBoyAdvance.cfg
Searching current directory: /home/kieran/Desktop/gba_project/split-earth/build
Searching home directory: /home/kieran/.vba
Searching system config directory: /etc
Reading configuration file.
Searching for file vba-over.ini
Searching current directory: /home/kieran/Desktop/gba_project/split-earth/build
Searching home directory: /home/kieran/.vba
Searching system config directory: /etc
Searching PATH
vba-over.ini NOT FOUND (using emulator settings)
Color depth: 32
Shutting down
VisualBoyAdvance version 1.8.0 [SDL]
Searching for file VisualBoyAdvance.cfg
Searching current directory: /home/kieran/Desktop/gba_project/split-earth/build
Searching home directory: /home/kieran/.vba
Searching system config directory: /etc
Reading configuration file.
Searching for file vba-over.ini
Searching current directory: /home/kieran/Desktop/gba_project/split-earth/build
Searching home directory: /home/kieran/.vba
Searching system config directory: /etc
Searching PATH
vba-over.ini NOT FOUND (using emulator settings)
Color depth: 32
Shutting down
VisualBoyAdvance version 1.8.0 [SDL]
Searching for file VisualBoyAdvance.cfg
Searching current directory: /home/kieran/Desktop/gba_project/split-earth/build
Searching home directory: /home/kieran/.vba
Searching system config directory: /etc
Reading configuration file.
Searching for file vba-over.ini
Searching current directory: /home/kieran/Desktop/gba_project/split-earth/build
Searching home directory: /home/kieran/.vba
Searching system config directory: /etc
Searching PATH
vba-over.ini NOT FOUND (using emulator settings)
Color depth: 32
Shutting down
VisualBoyAdvance version 1.8.0 [SDL]
Searching for file VisualBoyAdvance.cfg
Searching current directory: /home/kieran/Desktop/gba_project/split-earth/build
Searching home directory: /home/kieran/.vba
Searching system config directory: /etc
Reading configuration file.
Searching for file vba-over.ini
Searching current directory: /home/kieran/Desktop/gba_project/split-earth/build
Searching home directory: /home/kieran/.vba
Searching system config directory: /etc
Searching PATH
vba-over.ini NOT FOUND (using emulator settings)
Color depth: 32
Shutting down
VisualBoyAdvance version 1.8.0 [SDL]
Searching for file VisualBoyAdvance.cfg
Searching current directory: /home/kieran/Desktop/gba_project/split-earth/build
Searching home directory: /home/kieran/.vba
Searching system config directory: /etc
Reading configuration file.
Searching for file vba-over.ini
Searching current directory: /home/kieran/Desktop/gba_project/split-earth/build
Searching home directory: /home/kieran/.vba
Searching system config directory: /etc
Searching PATH
vba-over.ini NOT FOUND (using emulator settings)
Color depth: 32
Shutting down
VisualBoyAdvance version 1.8.0 [SDL]
Searching for file VisualBoyAdvance.cfg
Searching current directory: /home/kieran/Desktop/gba_project/split-earth/build
Searching home directory: /home/kieran/.vba
Searching system config directory: /etc
Reading configuration file.
Searching for file vba-over.ini
Searching current directory: /home/kieran/Desktop/gba_project/split-earth/build
Searching home directory: /home/kieran/.vba
Searching system config directory: /etc
Searching PATH
vba-over.ini NOT FOUND (using emulator settings)
Color depth: 32
Shutting down
VisualBoyAdvance version 1.8.0 [SDL]
Searching for file VisualBoyAdvance.cfg
Searching current directory: /home/kieran/Desktop/gba_project/split-earth/build
Searching home directory: /home/kieran/.vba
Searching system config directory: /etc
Reading configuration file.
Searching for file vba-over.ini
Searching current directory: /home/kieran/Desktop/gba_project/split-earth/build
Searching home directory: /home/kieran/.vba
Searching system config directory: /etc
Searching PATH
vba-over.ini NOT FOUND (using emulator settings)
Color depth: 32
Shutting down
VisualBoyAdvance version 1.8.0 [SDL]
Searching for file VisualBoyAdvance.cfg
Searching current directory: /home/kieran/Desktop/gba_project/split-earth/build
Searching home directory: /home/kieran/.vba
Searching system config directory: /etc
Reading configuration file.
Searching for file vba-over.ini
Searching current directory: /home/kieran/Desktop/gba_project/split-earth/build
Searching home directory: /home/kieran/.vba
Searching system config directory: /etc
Searching PATH
vba-over.ini NOT FOUND (using emulator settings)
Color depth: 32
Shutting down
VisualBoyAdvance version 1.8.0 [SDL]
Searching for file VisualBoyAdvance.cfg
Searching current directory: /home/kieran/Desktop/gba_project/split-earth/build
Searching home directory: /home/kieran/.vba
Searching system config directory: /etc
Reading configuration file.
Searching for file vba-over.ini
Searching current directory: /home/kieran/Desktop/gba_project/split-earth/build
Searching home directory: /home/kieran/.vba
Searching system config directory: /etc
Searching PATH
vba-over.ini NOT FOUND (using emulator settings)
Color depth: 32
Shutting down
VisualBoyAdvance version 1.8.0 [SDL]
Searching for file VisualBoyAdvance.cfg
Searching current directory: /home/kieran/Desktop/gba_project/split-earth/build
Searching home directory: /home/kieran/.vba
Searching system config directory: /etc
Reading configuration file.
Searching for file vba-over.ini
Searching current directory: /home/kieran/Desktop/gba_project/split-earth/build
Searching home directory: /home/kieran/.vba
Searching system config directory: /etc
Searching PATH
vba-over.ini NOT FOUND (using emulator settings)
Color depth: 32
Shutting down
VisualBoyAdvance version 1.8.0 [SDL]
Searching for file VisualBoyAdvance.cfg
Searching current directory: /home/kieran/Desktop/gba_project/split-earth/build
Searching home directory: /home/kieran/.vba
Searching system config directory: /etc
Reading configuration file.
Searching for file vba-over.ini
Searching current directory: /home/kieran/Desktop/gba_project/split-earth/build
Searching home directory: /home/kieran/.vba
Searching system config directory: /etc
Searching PATH
vba-over.ini NOT FOUND (using emulator settings)
Color depth: 32
Shutting down
VisualBoyAdvance version 1.8.0 [SDL]
Searching for file VisualBoyAdvance.cfg
Searching current directory: /home/kieran/Desktop/gba_project/split-earth/build
Searching home directory: /home/kieran/.vba
Searching system config directory: /etc
Reading configuration file.
Searching for file vba-over.ini
Searching current directory: /home/kieran/Desktop/gba_project/split-earth/build
Searching home directory: /home/kieran/.vba
Searching system config directory: /etc
Searching PATH
vba-over.ini NOT FOUND (using emulator settings)
Color depth: 32
Shutting down
VisualBoyAdvance version 1.8.0 [SDL]
Searching for file VisualBoyAdvance.cfg
Searching current directory: /home/kieran/Desktop/gba_project/split-earth/build
Searching home directory: /home/kieran/.vba
Searching system config directory: /etc
Reading configuration file.
Searching for file vba-over.ini
Searching current directory: /home/kieran/Desktop/gba_project/split-earth/build
Searching home directory: /home/kieran/.vba
Searching system config directory: /etc
Searching PATH
vba-over.ini NOT FOUND (using emulator settings)
Color depth: 32
Shutting down
VisualBoyAdvance version 1.8.0 [SDL]
Searching for file VisualBoyAdvance.cfg
Searching current directory: /home/kieran/Desktop/gba_project/split-earth/build
Searching home directory: /home/kieran/.vba
Searching system config directory: /etc
Reading configuration file.
Searching for file vba-over.ini
Searching current directory: /home/kieran/Desktop/gba_project/split-earth/build
Searching home directory: /home/kieran/.vba
Searching system config directory: /etc
Searching PATH
vba-over.ini NOT FOUND (using emulator settings)
Color depth: 32
Shutting down
VisualBoyAdvance version 1.8.0 [SDL]
Searching for file VisualBoyAdvance.cfg
Searching current directory: /home/kieran/Desktop/gba_project/split-earth/build
Searching home directory: /home/kieran/.vba
Searching system config directory: /etc
Reading configuration file.
Searching for file vba-over.ini
Searching current directory: /home/kieran/Desktop/gba_project/split-earth/build
Searching home directory: /home/kieran/.vba
Searching system config directory: /etc
Searching PATH
vba-over.ini NOT FOUND (using emulator settings)
Color depth: 32
Shutting down
VisualBoyAdvance version 1.8.0 [SDL]
Searching for file VisualBoyAdvance.cfg
Searching current directory: /home/kieran/Desktop/gba_project/split-earth/build
Searching home directory: /home/kieran/.vba
Searching system config directory: /etc
Reading configuration file.
Searching for file vba-over.ini
Searching current directory: /home/kieran/Desktop/gba_project/split-earth/build
Searching home directory: /home/kieran/.vba
Searching system config directory: /etc
Searching PATH
vba-over.ini NOT FOUND (using emulator settings)
Color depth: 32
Shutting down
VisualBoyAdvance version 1.8.0 [SDL]
Searching for file VisualBoyAdvance.cfg
Searching current directory: /home/kieran/Desktop/gba_project/split-earth/build
Searching home directory: /home/kieran/.vba
Searching system config directory: /etc
Reading configuration file.
Searching for file vba-over.ini
Searching current directory: /home/kieran/Desktop/gba_project/split-earth/build
Searching home directory: /home/kieran/.vba
Searching system config directory: /etc
Searching PATH
vba-over.ini NOT FOUND (using emulator settings)
Color depth: 32
Shutting down
VisualBoyAdvance version 1.8.0 [SDL]
Searching for file VisualBoyAdvance.cfg
Searching current directory: /home/kieran/Desktop/gba_project/split-earth/build
Searching home directory: /home/kieran/.vba
Searching system config directory: /etc
Reading configuration file.
Searching for file vba-over.ini
Searching current directory: /home/kieran/Desktop/gba_project/split-earth/build
Searching home directory: /home/kieran/.vba
Searching system config directory: /etc
Searching PATH
vba-over.ini NOT FOUND (using emulator settings)
Color depth: 32
Shutting down
VisualBoyAdvance version 1.8.0 [SDL]
Searching for file VisualBoyAdvance.cfg
Searching current directory: /home/kieran/Desktop/gba_project/split-earth/build
Searching home directory: /home/kieran/.vba
Searching system config directory: /etc
Reading configuration file.
Searching for file vba-over.ini
Searching current directory: /home/kieran/Desktop/gba_project/split-earth/build
Searching home directory: /home/kieran/.vba
Searching system config directory: /etc
Searching PATH
vba-over.ini NOT FOUND (using emulator settings)
Color depth: 32
Shutting down
VisualBoyAdvance version 1.8.0 [SDL]
Searching for file VisualBoyAdvance.cfg
Searching current directory: /home/kieran/Desktop/gba_project/split-earth/build
Searching home directory: /home/kieran/.vba
Searching system config directory: /etc
Reading configuration file.
Searching for file vba-over.ini
Searching current directory: /home/kieran/Desktop/gba_project/split-earth/build
Searching home directory: /home/kieran/.vba
Searching system config directory: /etc
Searching PATH
vba-over.ini NOT FOUND (using emulator settings)
Color depth: 32
Shutting down
VisualBoyAdvance version 1.8.0 [SDL]
Searching for file VisualBoyAdvance.cfg
Searching current directory: /home/kieran/Desktop/gba_project/split-earth/build
Searching home directory: /home/kieran/.vba
Searching system config directory: /etc
Reading configuration file.
Searching for file vba-over.ini
Searching current directory: /home/kieran/Desktop/gba_project/split-earth/build
Searching home directory: /home/kieran/.vba
Searching system config directory: /etc
Searching PATH
vba-over.ini NOT FOUND (using emulator settings)
Color depth: 32
Shutting down
VisualBoyAdvance version 1.8.0 [SDL]
Searching for file VisualBoyAdvance.cfg
Searching current directory: /home/kieran/Desktop/gba_project/split-earth/build
Searching home directory: /home/kieran/.vba
Searching system config directory: /etc
Reading configuration file.
Searching for file vba-over.ini
Searching current directory: /home/kieran/Desktop/gba_project/split-earth/build
Searching home directory: /home/kieran/.vba
Searching system config directory: /etc
Searching PATH
vba-over.ini NOT FOUND (using emulator settings)
Color depth: 32
Shutting down
VisualBoyAdvance version 1.8.0 [SDL]
Searching for file VisualBoyAdvance.cfg
Searching current directory: /home/kieran/Desktop/gba_project/split-earth/build
Searching home directory: /home/kieran/.vba
Searching system config directory: /etc
Reading configuration file.
Searching for file vba-over.ini
Searching current directory: /home/kieran/Desktop/gba_project/split-earth/build
Searching home directory: /home/kieran/.vba
Searching system config directory: /etc
Searching PATH
vba-over.ini NOT FOUND (using emulator settings)
Color depth: 32
Shutting down
VisualBoyAdvance version 1.8.0 [SDL]
Searching for file VisualBoyAdvance.cfg
Searching current directory: /home/kieran/Desktop/gba_project/split-earth/build
Searching home directory: /home/kieran/.vba
Searching system config directory: /etc
Reading configuration file.
Searching for file vba-over.ini
Searching current directory: /home/kieran/Desktop/gba_project/split-earth/build
Searching home directory: /home/kieran/.vba
Searching system config directory: /etc
Searching PATH
vba-over.ini NOT FOUND (using emulator settings)
Color depth: 32
Shutting down
VisualBoyAdvance version 1.8.0 [SDL]
Searching for file VisualBoyAdvance.cfg
Searching current directory: /home/kieran/Desktop/gba_project/split-earth/build
Searching home directory: /home/kieran/.vba
Searching system config directory: /etc
Reading configuration file.
Searching for file vba-over.ini
Searching current directory: /home/kieran/Desktop/gba_project/split-earth/build
Searching home directory: /home/kieran/.vba
Searching system config directory: /etc
Searching PATH
vba-over.ini NOT FOUND (using emulator settings)
Color depth: 32
Shutting down
VisualBoyAdvance version 1.8.0 [SDL]
Searching for file VisualBoyAdvance.cfg
Searching current directory: /home/kieran/Desktop/gba_project/split-earth/build
Searching home directory: /home/kieran/.vba
Searching system config directory: /etc
Reading configuration file.
Searching for file vba-over.ini
Searching current directory: /home/kieran/Desktop/gba_project/split-earth/build
Searching home directory: /home/kieran/.vba
Searching system config directory: /etc
Searching PATH
vba-over.ini NOT FOUND (using emulator settings)
Color depth: 32
Shutting down
VisualBoyAdvance version 1.8.0 [SDL]
Searching for file VisualBoyAdvance.cfg
Searching current directory: /home/kieran/Desktop/gba_project/split-earth/build
Searching home directory: /home/kieran/.vba
Searching system config directory: /etc
Reading configuration file.
Searching for file vba-over.ini
Searching current directory: /home/kieran/Desktop/gba_project/split-earth/build
Searching home directory: /home/kieran/.vba
Searching system config directory: /etc
Searching PATH
vba-over.ini NOT FOUND (using emulator settings)
Color depth: 32
Shutting down
VisualBoyAdvance version 1.8.0 [SDL]
Searching for file VisualBoyAdvance.cfg
Searching current directory: /home/kieran/Desktop/gba_project/split-earth/build
Searching home directory: /home/kieran/.vba
Searching system config directory: /etc
Reading configuration file.
Searching for file vba-over.ini
Searching current directory: /home/kieran/Desktop/gba_project/split-earth/build
Searching home directory: /home/kieran/.vba
Searching system config directory: /etc
Searching PATH
vba-over.ini NOT FOUND (using emulator settings)
Color depth: 32
Shutting down
VisualBoyAdvance version 1.8.0 [SDL]
Searching for file VisualBoyAdvance.cfg
Searching current directory: /home/kieran/Desktop/gba_project/split-earth/build
Searching home directory: /home/kieran/.vba
Searching system config directory: /etc
Reading configuration file.
Searching for file vba-over.ini
Searching current directory: /home/kieran/Desktop/gba_project/split-earth/build
Searching home directory: /home/kieran/.vba
Searching system config directory: /etc
Searching PATH
vba-over.ini NOT FOUND (using emulator settings)
Color depth: 32
Shutting down
VisualBoyAdvance version 1.8.0 [SDL]
Searching for file VisualBoyAdvance.cfg
Searching current directory: /home/kieran/Desktop/gba_project/split-earth/build
Searching home directory: /home/kieran/.vba
Searching system config directory: /etc
Reading configuration file.
Searching for file vba-over.ini
Searching current directory: /home/kieran/Desktop/gba_project/split-earth/build
Searching home directory: /home/kieran/.vba
Searching system config directory: /etc
Searching PATH
vba-over.ini NOT FOUND (using emulator settings)
Color depth: 32
Shutting down
VisualBoyAdvance version 1.8.0 [SDL]
Searching for file VisualBoyAdvance.cfg
Searching current directory: /home/kieran/Desktop/gba_project/split-earth/build
Searching home directory: /home/kieran/.vba
Searching system config directory: /etc
Reading configuration file.
Searching for file vba-over.ini
Searching current directory: /home/kieran/Desktop/gba_project/split-earth/build
Searching home directory: /home/kieran/.vba
Searching system config directory: /etc
Searching PATH
vba-over.ini NOT FOUND (using emulator settings)
Color depth: 32
Shutting down
VisualBoyAdvance version 1.8.0 [SDL]
Searching for file VisualBoyAdvance.cfg
Searching current directory: /home/kieran/Desktop/gba_project/split-earth/build
Searching home directory: /home/kieran/.vba
Searching system config directory: /etc
Reading configuration file.
Searching for file vba-over.ini
Searching current directory: /home/kieran/Desktop/gba_project/split-earth/build
Searching home directory: /home/kieran/.vba
Searching system config directory: /etc
Searching PATH
vba-over.ini NOT FOUND (using emulator settings)
Color depth: 32
Shutting down
VisualBoyAdvance version 1.8.0 [SDL]
Searching for file VisualBoyAdvance.cfg
Searching current directory: /home/kieran/Desktop/gba_project/split-earth/build
Searching home directory: /home/kieran/.vba
Searching system config directory: /etc
Reading configuration file.
Searching for file vba-over.ini
Searching current directory: /home/kieran/Desktop/gba_project/split-earth/build
Searching home directory: /home/kieran/.vba
Searching system config directory: /etc
Searching PATH
vba-over.ini NOT FOUND (using emulator settings)
Color depth: 32
Shutting down
VisualBoyAdvance version 1.8.0 [SDL]
Searching for file VisualBoyAdvance.cfg
Searching current directory: /home/kieran/Desktop/gba_project/split-earth/build
Searching home directory: /home/kieran/.vba
Searching system config directory: /etc
Reading configuration file.
Searching for file vba-over.ini
Searching current directory: /home/kieran/Desktop/gba_project/split-earth/build
Searching home directory: /home/kieran/.vba
Searching system config directory: /etc
Searching PATH
vba-over.ini NOT FOUND (using emulator settings)
Color depth: 32
Shutting down
VisualBoyAdvance version 1.8.0 [SDL]
Searching for file VisualBoyAdvance.cfg
Searching current directory: /home/kieran/Desktop/gba_project/split-earth/build
Searching home directory: /home/kieran/.vba
Searching system config directory: /etc
Reading configuration file.
Searching for file vba-over.ini
Searching current directory: /home/kieran/Desktop/gba_project/split-earth/build
Searching home directory: /home/kieran/.vba
Searching system config directory: /etc
Searching PATH
vba-over.ini NOT FOUND (using emulator settings)
Color depth: 32
Shutting down
VisualBoyAdvance version 1.8.0 [SDL]
Searching for file VisualBoyAdvance.cfg
Searching current directory: /home/kieran/Desktop/gba_project/split-earth/build
Searching home directory: /home/kieran/.vba
Searching system config directory: /etc
Reading configuration file.
Searching for file vba-over.ini
Searching current directory: /home/kieran/Desktop/gba_project/split-earth/build
Searching home directory: /home/kieran/.vba
Searching system config directory: /etc
Searching PATH
vba-over.ini NOT FOUND (using emulator settings)
Color depth: 32
Shutting down
VisualBoyAdvance version 1.8.0 [SDL]
Searching for file VisualBoyAdvance.cfg
Searching current directory: /home/kieran/Desktop/gba_project/split-earth/build
Searching home directory: /home/kieran/.vba
Searching system config directory: /etc
Reading configuration file.
Searching for file vba-over.ini
Searching current directory: /home/kieran/Desktop/gba_project/split-earth/build
Searching home directory: /home/kieran/.vba
Searching system config directory: /etc
Searching PATH
vba-over.ini NOT FOUND (using emulator settings)
Color depth: 32
Shutting down
VisualBoyAdvance version 1.8.0 [SDL]
Searching for file VisualBoyAdvance.cfg
Searching current directory: /home/kieran/Desktop/gba_project/split-earth/build
Searching home directory: /home/kieran/.vba
Searching system config directory: /etc
Reading configuration file.
Searching for file vba-over.ini
Searching current directory: /home/kieran/Desktop/gba_project/split-earth/build
Searching home directory: /home/kieran/.vba
Searching system config directory: /etc
Searching PATH
vba-over.ini NOT FOUND (using emulator settings)
Color depth: 32
Shutting down
VisualBoyAdvance version 1.8.0 [SDL]
Searching for file VisualBoyAdvance.cfg
Searching current directory: /home/kieran/Desktop/gba_project/split-earth/build
Searching home directory: /home/kieran/.vba
Searching system config directory: /etc
Reading configuration file.
Searching for file vba-over.ini
Searching current directory: /home/kieran/Desktop/gba_project/split-earth/build
Searching home directory: /home/kieran/.vba
Searching system config directory: /etc
Searching PATH
vba-over.ini NOT FOUND (using emulator settings)
Color depth: 32
Shutting down
VisualBoyAdvance version 1.8.0 [SDL]
Searching for file VisualBoyAdvance.cfg
Searching current directory: /home/kieran/Desktop/gba_project/split-earth/build
Searching home directory: /home/kieran/.vba
Searching system config directory: /etc
Reading configuration file.
Searching for file vba-over.ini
Searching current directory: /home/kieran/Desktop/gba_project/split-earth/build
Searching home directory: /home/kieran/.vba
Searching system config directory: /etc
Searching PATH
vba-over.ini NOT FOUND (using emulator settings)
Color depth: 32
Shutting down
